hidakayuusuke@hidaka Desktop % mkdir git_challnge
hidakayuusuke@hidaka Desktop % git mv git_challnge git_challenge
fatal: source directory is empty, source=git_challnge, destination=git_challenge
hidakayuusuke@hidaka Desktop % mkdir git_challenge
hidakayuusuke@hidaka Desktop % cd git_challenge
hidakayuusuke@hidaka git_challenge % git init
Initialized empty Git repository in /Users/hidakayuusuke/Desktop/git_challenge/.git/
hidakayuusuke@hidaka git_challenge % git add .
hidakayuusuke@hidaka git_challenge % git add hello_world.txt
hidakayuusuke@hidaka git_challenge % git commit -m "hello_world.txtを追加"
[main (root-commit) 6bba477] hello_world.txtを追加
 1 file changed, 1 insertion(+)
 create mode 100644 hello_world.txt
hidakayuusuke@hidaka git_challenge % git status
On branch main
nothing to commit, working tree clean
hidakayuusuke@hidaka git_challenge % git diff
hidakayuusuke@hidaka git_challenge % git diff --staged
hidakayuusuke@hidaka git_challenge % git log
commit 6bba4773f71c1e79ef5bd97197a27994e3e6e3e8 (HEAD -> main)
Author: Hidaka1994 <potatoishot@gmail.com>
Date:   Fri Jul 26 22:32:36 2024 +0900

    hello_world.txtを追加
hidakayuusuke@hidaka git_challenge % ssh-keygen -t rsa -C potatoishot@g
mail.com
Generating public/private rsa key pair.
Enter file in which to save the key (/Users/hidakayuusuke/.ssh/id_rsa): 
/Users/hidakayuusuke/.ssh/id_rsa already exists.
Overwrite (y/n)? y
Enter passphrase (empty for no passphrase): 
Enter same passphrase again: 
Your identification has been saved in /Users/hidakayuusuke/.ssh/id_rsa
Your public key has been saved in /Users/hidakayuusuke/.ssh/id_rsa.pub
The key fingerprint is:
SHA256:CJVbYwk2uAvpEab9DiPuf+gAdBsRn+sBR+d/Kw9ZLSE potatoishot@gmail.com
The key's randomart image is:
+---[RSA 3072]----+
|   o.o=+ .       |
|  o =o=.=        |
| = *.= = E .     |
|o * *.o.. . o    |
|.. = +. S. + .   |
|o + + .   + o    |
|.o +..   + .     |
| .....    +      |
|..oo.      .     |
+----[SHA256]-----+
hidakayuusuke@hidaka git_challenge % cat /Users/hidakayuusuke/.ssh/id_rsa.pub
ssh-rsa AAAAB3NzaC1yc2EAAAADAQABAAABgQDIFOV9EeSVn3nq+eHVjfwlZlraV2DxvrKgQmrI/dJGmQZUUxbmtgFtCthHD4SD030AOMnLnbzuYI15QCzFo5KKP+nhGwbw639m23J8REEVQIklCxPweeqJzNOA/XIg+EKeJqIoAmedwsjQWkXJQ4Y4LFGLHgZs6W3J5QBa9VfjdEKbdB17dFRj/mfdLuA55KQfaMZZzxbDNaZdf9JUgz4QepN0v0rO0uAiCs0QklAlOKyOPAE68tSEyrcKEKL15EmtnFw9o2T8XLFYZgcHPowNITzfKx4gmW93ikr+YpaMd9BnRgJbIKkF/Mq4Lj0PmH4UzYDHn1VaGj7S5XdIfZNdlQW80UdGh9Sv/LIQfOcSmGZc0UxuNa4g7gnidGV+azqlj/OnG8pW4dYzkeG0hs9Vm/ZpxQVKkAvpHVF6ZxuB+qb734lSjXjNVlMOWVIS1wCRXYQeyKGZOlN6U8id9a7Bhz6RL1LO9cq6uyWl65xirLOB6fE8jJ3YOTAFSvtFBeM= potatoishot@gmail.com
hidakayuusuke@hidaka git_challenge % ssh -T git@github.com
Enter passphrase for key '/Users/hidakayuusuke/.ssh/id_rsa': 
Hi Hidaka1994! You've successfully authenticated, but GitHub does not provide shell access.
hidakayuusuke@hidaka git_challenge % git remote add git_challenge git@github.com:Hidaka1994/git_challenge.git
hidakayuusuke@hidaka git_challenge % git push git_challenge git_challenge
error: src refspec git_challenge does not match any
error: failed to push some refs to 'github.com:Hidaka1994/git_challenge.git'
hidakayuusuke@hidaka git_challenge % git push origin main
fatal: 'origin' does not appear to be a git repository
fatal: Could not read from remote repository.

Please make sure you have the correct access rights
and the repository exists.
hidakayuusuke@hidaka git_challenge % git remote add origin git@github.com:Hidaka1994/git_challenge.git
hidakayuusuke@hidaka git_challenge % git remote -v
git_challenge   git@github.com:Hidaka1994/git_challenge.git (fetch)
git_challenge   git@github.com:Hidaka1994/git_challenge.git (push)
origin  git@github.com:Hidaka1994/git_challenge.git (fetch)
origin  git@github.com:Hidaka1994/git_challenge.git (push)
hidakayuusuke@hidaka git_challenge % git diff --staged
hidakayuusuke@hidaka git_challenge % git log
commit 6bba4773f71c1e79ef5bd97197a27994e3e6e3e8 (HEAD -> main)
Author: Hidaka1994 <potatoishot@gmail.com>
Date:   Fri Jul 26 22:32:36 2024 +0900

    hello_world.txtを追加
hidakayuusuke@hidaka git_challenge % git push -u origin main
Enter passphrase for key '/Users/hidakayuusuke/.ssh/id_rsa': 
Enumerating objects: 3, done.
Counting objects: 100% (3/3), done.
Writing objects: 100% (3/3), 255 bytes | 255.00 KiB/s, done.
Total 3 (delta 0), reused 0 (delta 0), pack-reused 0
To github.com:Hidaka1994/git_challenge.git
 * [new branch]      main -> main
branch 'main' set up to track 'origin/main'.
hidakayuusuke@hidaka git_challenge % git log
commit 6bba4773f71c1e79ef5bd97197a27994e3e6e3e8 (HEAD -> main, origin/main)
Author: Hidaka1994 <potatoishot@gmail.com>
Date:   Fri Jul 26 22:32:36 2024 +0900

    hello_world.txtを追加
hidakayuusuke@hidaka git_challenge % git diff --staged
hidakayuusuke@hidaka git_challenge % git status
On branch main
Your branch is up to date with 'origin/main'.

Changes not staged for commit:
  (use "git add <file>..." to update what will be committed)
  (use "git restore <file>..." to discard changes in working directory)
        modified:   hello_world.txt

no changes added to commit (use "git add" and/or "git commit -a")
hidakayuusuke@hidaka git_challenge % git commit -m "日本語訳を追記"
On branch main
Your branch is up to date with 'origin/main'.

Changes not staged for commit:
  (use "git add <file>..." to update what will be committed)
  (use "git restore <file>..." to discard changes in working directory)
        modified:   hello_world.txt

no changes added to commit (use "git add" and/or "git commit -a")
hidakayuusuke@hidaka git_challenge % git status
On branch main
Your branch is up to date with 'origin/main'.

Changes not staged for commit:
  (use "git add <file>..." to update what will be committed)
  (use "git restore <file>..." to discard changes in working directory)
        modified:   hello_world.txt

no changes added to commit (use "git add" and/or "git commit -a")
hidakayuusuke@hidaka git_challenge % git add hello_world.txt
hidakayuusuke@hidaka git_challenge % git status
On branch main
Your branch is up to date with 'origin/main'.

Changes to be committed:
  (use "git restore --staged <file>..." to unstage)
        modified:   hello_world.txt

hidakayuusuke@hidaka git_challenge % git commit -m "日本語訳を追記"
[main eaee4f6] 日本語訳を追記
 1 file changed, 2 insertions(+), 1 deletion(-)
hidakayuusuke@hidaka git_challenge % git log
commit eaee4f6d755cd37c87916ad4244aa6a1944fad60 (HEAD -> main)
Author: Hidaka1994 <potatoishot@gmail.com>
Date:   Fri Jul 26 23:37:39 2024 +0900

    日本語訳を追記

commit 6bba4773f71c1e79ef5bd97197a27994e3e6e3e8 (origin/main)
Author: Hidaka1994 <potatoishot@gmail.com>
Date:   Fri Jul 26 22:32:36 2024 +0900

    hello_world.txtを追加
hidakayuusuke@hidaka git_challenge % git log --oneline
eaee4f6 (HEAD -> main) 日本語訳を追記
6bba477 (origin/main) hello_world.txtを追加

test